// Jest Snapshot v1, https://goo.gl/fbAQLP

exports[`Speakers renders correctly 1`] = `
<section
  css={
    Object {
      "backgroundColor": "#f8f8f8",
      "position": "relative",
    }
  }
  id="speakers"
>
  <_default>
    <h1
      css={
        Object {
          "@media(max-width: 820px)": Object {
            "paddingBottom": "24px",
            "paddingTop": "200px",
          },
          "paddingBottom": "48px",
          "paddingTop": "112px",
          "position": "relative",
          "textAlign": "center",
          "zIndex": "3",
        }
      }
    >
      Fireside Chat Speakers
    </h1>
    <div
      css={
        Object {
          "@media(max-width: 1120px)": Object {
            "display": "none",
          },
          "display": "grid",
          "gridTemplateColumns": "1fr 1fr 1fr ",
          "marginLeft": "auto",
          "marginRight": "auto",
          "maxWidth": 1500,
          "position": "relative",
          "zIndex": 3,
        }
      }
    >
      <SpeakerCard
        description="David is the Co-Founder and current Head of Design at Ada. He graduated from Queen’s University’s Geological and Earth Sciences program in 2012. At Ada, he is designing and built tools that allow companies to answer common questions automatically, improving customer satisfaction and saving everyone's time. Ada is used by Telus, Medium, Wattpad, Shopify and millions of their customers."
        image="test-file-stub"
        key="David Hariri"
        name="David Hariri"
        title="Co-Founder of Ada"
      />
      <SpeakerCard
        description="Kaheer is a Principal Research Program Manager at the Microsoft Research Montreal lab.  Kaheer co-founded the deep learning for language startup Maluuba and served as its CTO prior to its acquisition, by Microsoft,  in early 2017.  He currently works on machine learning approaches for natural language processing focusing on question answering, conversation systems and common sense reasoning."
        image="test-file-stub"
        key="Kaheer Suleman"
        name="Kaheer Suleman"
        title="Principal Research Program Manager at Microsoft"
      />
      <SpeakerCard
        description="Sarah is the Founder and CEO of Valkerie, a boutique tech growth consultancy based in Toronto ON. She’s spent her career working on early stage technology startups, starting as a foundational team member of Wave, a Canadian financial technology giant. More recently she led the International Community Growth team at the San Francisco payments startup, Tilt, which was acquired by Airbnb in 2017."
        image="test-file-stub"
        key="Sarah Stockdale"
        name="Sarah Stockdale"
        title="Founder & CEO of Valkerie"
      />
    </div>
    <div
      css={
        Object {
          "@media(min-width: 1120px)": Object {
            "display": "none",
          },
          "paddingBottom": "30px",
        }
      }
    >
      <SpeakerSlider
        speakers={
          Array [
            Object {
              "description": "David is the Co-Founder and current Head of Design at Ada. He graduated from Queen’s University’s Geological and Earth Sciences program in 2012. At Ada, he is designing and built tools that allow companies to answer common questions automatically, improving customer satisfaction and saving everyone's time. Ada is used by Telus, Medium, Wattpad, Shopify and millions of their customers.",
              "image": "test-file-stub",
              "name": "David Hariri",
              "title": "Co-Founder of Ada",
            },
            Object {
              "description": "Kaheer is a Principal Research Program Manager at the Microsoft Research Montreal lab.  Kaheer co-founded the deep learning for language startup Maluuba and served as its CTO prior to its acquisition, by Microsoft,  in early 2017.  He currently works on machine learning approaches for natural language processing focusing on question answering, conversation systems and common sense reasoning.",
              "image": "test-file-stub",
              "name": "Kaheer Suleman",
              "title": "Principal Research Program Manager at Microsoft",
            },
            Object {
              "description": "Sarah is the Founder and CEO of Valkerie, a boutique tech growth consultancy based in Toronto ON. She’s spent her career working on early stage technology startups, starting as a foundational team member of Wave, a Canadian financial technology giant. More recently she led the International Community Growth team at the San Francisco payments startup, Tilt, which was acquired by Airbnb in 2017.",
              "image": "test-file-stub",
              "name": "Sarah Stockdale",
              "title": "Founder & CEO of Valkerie",
            },
          ]
        }
      />
    </div>
    <picture
      css={
        Object {
          "@media(max-width: 1000px)": Object {
            "display": "none",
          },
          "bottom": "-250px",
          "display": "block",
          "height": "289px",
          "position": "absolute",
          "right": "62px",
          "width": "235px",
          "zIndex": "1",
        }
      }
    >
      <source
        srcSet="test-file-stub"
        type="image/webp"
      />
      <source
        srcSet="test-file-stub"
        type="image/png"
      />
      <img
        alt="Floating cubes"
        css={
          Object {
            "@media(max-width: 1000px)": Object {
              "display": "none",
            },
          }
        }
        src="test-file-stub"
      />
    </picture>
    <_default />
  </_default>
</section>
`;
