// Jest Snapshot v1, https://goo.gl/fbAQLP

exports[`EventScheduleCompressedTable renders correctly 1`] = `
<table
  data-css-113fyd2=""
>
  <tbody
    key="Busses arrive/registration 2019-02-01T17:00:00"
  >
    <tr>
      <td
        rowSpan={2}
      >
        <div
          className="eventStart"
        >
          5:00 PM
        </div>
        <div
          className="eventEnd"
        >
          8:00 PM
        </div>
      </td>
      <td
        className="eventName"
      >
        <strong>
          Busses arrive/registration
        </strong>
      </td>
    </tr>
    <tr>
      <td
        className="eventLocation"
      >
        Kingston Hall
      </td>
    </tr>
  </tbody>
  <tbody
    key="Dinner - Presented by iGan Partners (Sandwiches) 2019-02-01T17:00:00"
  >
    <tr>
      <td
        rowSpan={2}
      >
        <div
          className="eventStart"
        >
          5:00 PM
        </div>
        <div
          className="eventEnd"
        >
          8:00 PM
        </div>
      </td>
      <td
        className="eventName"
      >
        <strong>
          Dinner - Presented by iGan Partners (Sandwiches)
        </strong>
      </td>
    </tr>
    <tr>
      <td
        className="eventLocation"
      >
        Kingston Hall
      </td>
    </tr>
  </tbody>
  <tbody
    key="Opening Ceremonies 2019-02-01T20:00:00"
  >
    <tr>
      <td
        rowSpan={2}
      >
        <div
          className="eventStart"
        >
          8:00 PM
        </div>
        <div
          className="eventEnd"
        >
          10:00 PM
        </div>
      </td>
      <td
        className="eventName"
      >
        <strong>
          Opening Ceremonies
        </strong>
      </td>
    </tr>
    <tr>
      <td
        className="eventLocation"
      >
        Kingston Hall
      </td>
    </tr>
  </tbody>
  <tbody
    key="Team Formation 2019-02-01T22:00:00"
  >
    <tr>
      <td
        rowSpan={2}
      >
        <div
          className="eventStart"
        >
          10:00 PM
        </div>
        <div
          className="eventEnd"
        >
          10:30 PM
        </div>
      </td>
      <td
        className="eventName"
      >
        <strong>
          Team Formation
        </strong>
      </td>
    </tr>
    <tr>
      <td
        className="eventLocation"
      >
        BioSci Auditorium
      </td>
    </tr>
  </tbody>
  <tbody
    key="Hacking Begins 2019-02-01T22:00:00"
  >
    <tr>
      <td
        rowSpan={2}
      >
        <div
          className="eventStart"
        >
          10:00 PM
        </div>
        <div
          className="eventEnd"
        >
          10:00 AM
        </div>
      </td>
      <td
        className="eventName"
      >
        <strong>
          Hacking Begins
        </strong>
      </td>
    </tr>
    <tr>
      <td
        className="eventLocation"
      />
    </tr>
  </tbody>
  <tbody
    key="Shipping Products Fast: How to Build Fully-Fledged APIs and Services in minutes using StdLib 2019-02-01T23:00:00"
  >
    <tr>
      <td
        rowSpan={2}
      >
        <div
          className="eventStart"
        >
          11:00 PM
        </div>
        <div
          className="eventEnd"
        >
          12:00 AM
        </div>
      </td>
      <td
        className="eventName"
      >
        <strong>
          Shipping Products Fast: How to Build Fully-Fledged APIs and Services in minutes using StdLib
        </strong>
      </td>
    </tr>
    <tr>
      <td
        className="eventLocation"
      >
        Walter Light Hall - Room 210
      </td>
    </tr>
  </tbody>
  <tbody
    key="Midnight Snack (Noodles) - Provided by StdLib 2019-02-02T00:00:00"
  >
    <tr>
      <td
        rowSpan={2}
      >
        <div
          className="eventStart"
        >
          12:00 AM
        </div>
        <div
          className="eventEnd"
        >
          1:00 AM
        </div>
      </td>
      <td
        className="eventName"
      >
        <strong>
          Midnight Snack (Noodles) - Provided by StdLib
        </strong>
      </td>
    </tr>
    <tr>
      <td
        className="eventLocation"
      >
        Walter Light Hall Atrium
      </td>
    </tr>
  </tbody>
  <tbody
    key="Adding Image and Voice Intelligence to Your Apps with Microsoft Cognitive Services 2019-02-02T00:00:00"
  >
    <tr>
      <td
        rowSpan={2}
      >
        <div
          className="eventStart"
        >
          12:00 AM
        </div>
        <div
          className="eventEnd"
        >
          1:00 AM
        </div>
      </td>
      <td
        className="eventName"
      >
        <strong>
          Adding Image and Voice Intelligence to Your Apps with Microsoft Cognitive Services
        </strong>
      </td>
    </tr>
    <tr>
      <td
        className="eventLocation"
      >
        Goodwin Hall - Room 254
      </td>
    </tr>
  </tbody>
  <tbody
    key="Getting Started With Computer Vision Using Clarifai 2019-02-02T00:30:00"
  >
    <tr>
      <td
        rowSpan={2}
      >
        <div
          className="eventStart"
        >
          12:30 AM
        </div>
        <div
          className="eventEnd"
        >
          1:00 AM
        </div>
      </td>
      <td
        className="eventName"
      >
        <strong>
          Getting Started With Computer Vision Using Clarifai
        </strong>
      </td>
    </tr>
    <tr>
      <td
        className="eventLocation"
      >
        Walter Light Hall - Room 210
      </td>
    </tr>
  </tbody>
  <tbody
    key="Hardware Opens 2019-02-02T01:00:00"
  >
    <tr>
      <td
        rowSpan={2}
      >
        <div
          className="eventStart"
        >
          1:00 AM
        </div>
        <div
          className="eventEnd"
        >
          2:00 AM
        </div>
      </td>
      <td
        className="eventName"
      >
        <strong>
          Hardware Opens
        </strong>
      </td>
    </tr>
    <tr>
      <td
        className="eventLocation"
      >
        ILC Design Bay
      </td>
    </tr>
  </tbody>
  <tbody
    key="Slideshow Karaoke 2019-02-02T01:00:00"
  >
    <tr>
      <td
        rowSpan={2}
      >
        <div
          className="eventStart"
        >
          1:00 AM
        </div>
        <div
          className="eventEnd"
        >
          2:00 AM
        </div>
      </td>
      <td
        className="eventName"
      >
        <strong>
          Slideshow Karaoke
        </strong>
      </td>
    </tr>
    <tr>
      <td
        className="eventLocation"
      >
        Walter Light Hall - Room 210
      </td>
    </tr>
  </tbody>
  <tbody
    key="Snack (Bubble Tea) 2019-02-03T00:00:00"
  >
    <tr>
      <td
        rowSpan={2}
      >
        <div
          className="eventStart"
        >
          12:00 AM
        </div>
        <div
          className="eventEnd"
        >
          1:00 AM
        </div>
      </td>
      <td
        className="eventName"
      >
        <strong>
          Snack (Bubble Tea)
        </strong>
      </td>
    </tr>
    <tr>
      <td
        className="eventLocation"
      >
        Walter Light Hall Auditorium
      </td>
    </tr>
  </tbody>
  <tbody
    key="Escape Room 2019-02-03T01:00:00"
  >
    <tr>
      <td
        rowSpan={2}
      >
        <div
          className="eventStart"
        >
          1:00 AM
        </div>
        <div
          className="eventEnd"
        >
          2:00 AM
        </div>
      </td>
      <td
        className="eventName"
      >
        <strong>
          Escape Room
        </strong>
      </td>
    </tr>
    <tr>
      <td
        className="eventLocation"
      >
        ILC - Room 119
      </td>
    </tr>
  </tbody>
  <tbody
    key="Breakfast 2019-02-03T07:30:00"
  >
    <tr>
      <td
        rowSpan={2}
      >
        <div
          className="eventStart"
        >
          7:30 AM
        </div>
        <div
          className="eventEnd"
        >
          8:30 AM
        </div>
      </td>
      <td
        className="eventName"
      >
        <strong>
          Breakfast
        </strong>
      </td>
    </tr>
    <tr>
      <td
        className="eventLocation"
      >
        ILC - Room 109
      </td>
    </tr>
  </tbody>
  <tbody
    key="Hacking Ends 2019-02-03T09:00:00"
  >
    <tr>
      <td
        rowSpan={2}
      >
        <div
          className="eventStart"
        >
          9:00 AM
        </div>
        <div
          className="eventEnd"
        >
          10:00 AM
        </div>
      </td>
      <td
        className="eventName"
      >
        <strong>
          Hacking Ends
        </strong>
      </td>
    </tr>
    <tr>
      <td
        className="eventLocation"
      />
    </tr>
  </tbody>
  <tbody
    key="Closing Ceremonies 2019-02-03T13:00:00"
  >
    <tr>
      <td
        rowSpan={2}
      >
        <div
          className="eventStart"
        >
          1:00 PM
        </div>
        <div
          className="eventEnd"
        >
          3:00 PM
        </div>
      </td>
      <td
        className="eventName"
      >
        <strong>
          Closing Ceremonies
        </strong>
      </td>
    </tr>
    <tr>
      <td
        className="eventLocation"
      >
        Kingston Hall
      </td>
    </tr>
  </tbody>
</table>
`;
