// Jest Snapshot v1, https://goo.gl/fbAQLP

exports[`Sponsors renders correctly 1`] = `
<section
  css={
    Object {
      " img": Object {
        ":hover": Object {
          "transform": "scale(1.1)",
        },
        "transition": "0.3s",
      },
      "backgroundColor": "#f8f8f8",
    }
  }
  id="sponsors"
>
  <_default>
    <div
      css={
        Object {
          "marginLeft": "auto",
          "marginRight": "auto",
          "paddingTop": "80px",
          "textAlign": "center",
        }
      }
    >
      <div>
        <h1>
          Sponsors
        </h1>
        <div
          css={
            Object {
              "@media(max-width: 460px)": Object {
                "marginBottom": "60px",
              },
              "marginBottom": "80px",
              "marginTop": "70px",
            }
          }
        >
          <div
            css={
              Object {
                "@media(max-width: 460px)": Object {
                  "marginBottom": "40px",
                },
                "@media(max-width: 980px)": Object {
                  "marginBottom": "60px",
                },
                "display": "grid",
                "gridTemplateColumns": "1fr",
                "marginBottom": "80px",
              }
            }
          >
            <_default
              url="https://tucows.com"
            >
              <img
                alt="Tucows Logo"
                css={
                  Object {
                    "@media(max-width: 460px)": Object {
                      "width": "250px",
                    },
                    "@media(max-width: 680px)": Object {
                      "width": "300px",
                    },
                    "@media(max-width: 980px)": Object {
                      "width": "400px",
                    },
                    "width": "500px",
                  }
                }
                data-cy="test-sponsor-image"
                src="test-file-stub"
              />
            </_default>
          </div>
          <div
            css={
              Object {
                "display": "grid",
                "gridTemplateColumns": "1fr",
              }
            }
          >
            <_default
              url="https://stdlib.com"
            >
              <img
                alt="Standard Library Logo"
                css={
                  Object {
                    "@media(max-width: 460px)": Object {
                      "width": "250px",
                    },
                    "@media(max-width: 680px)": Object {
                      "width": "300px",
                    },
                    "@media(max-width: 980px)": Object {
                      "width": "400px",
                    },
                    "width": "500px",
                  }
                }
                data-cy="test-sponsor-image"
                src="test-file-stub"
              />
            </_default>
          </div>
        </div>
        <div
          css={
            Object {
              "@media(max-width: 500px)": Object {
                "marginBottom": "60px",
              },
              "marginBottom": "80px",
            }
          }
        >
          <div
            css={
              Object {
                "@media(max-width: 500px)": Object {
                  "gridTemplateColumns": "1fr",
                  "marginBottom": "40px",
                },
                "display": "grid",
                "gridTemplateColumns": "1fr 1fr",
                "marginBottom": "60px",
              }
            }
          >
            <_default
              url="https://sunlife.ca"
            >
              <img
                alt="Sun Life Financial Logo"
                css={
                  Object {
                    "@media(max-width: 500px)": Object {
                      "width": "200px",
                    },
                    "@media(max-width: 680px)": Object {
                      "width": "200px",
                    },
                    "@media(max-width: 980px)": Object {
                      "width": "300px",
                    },
                    "width": "400px",
                  }
                }
                src="test-file-stub"
              />
            </_default>
            <_default
              url="http://www.iganpartners.com"
            >
              <img
                alt="iGan Partners Logo"
                css={
                  Object {
                    "@media(max-width: 500px)": Object {
                      "marginTop": "25px",
                      "width": "190px",
                    },
                    "@media(max-width: 680px)": Object {
                      "width": "200px",
                    },
                    "@media(max-width: 980px)": Object {
                      "width": "300px",
                    },
                    "marginTop": "15px",
                    "width": "400px",
                  }
                }
                src="test-file-stub"
              />
            </_default>
          </div>
          <div
            css={
              Object {
                "@media(max-width: 500px)": Object {
                  "gridTemplateColumns": "1fr",
                  "marginBottom": "40px",
                },
                "display": "grid",
                "gridTemplateColumns": "1fr 1fr",
                "marginBottom": "40px",
              }
            }
          >
            <_default
              url="https://distributed.computer"
            >
              <img
                alt="Distributed Compute Labs Logo"
                css={
                  Object {
                    "@media(max-width: 500px)": Object {
                      "width": "190px",
                    },
                    "@media(max-width: 680px)": Object {
                      "width": "200px",
                    },
                    "@media(max-width: 980px)": Object {
                      "width": "280px",
                    },
                    "width": "360px",
                  }
                }
                src="test-file-stub"
              />
            </_default>
            <_default
              url="https://www.nbc.ca"
            >
              <img
                alt="National Bank Logo"
                css={
                  Object {
                    "@media(max-width: 500px)": Object {
                      "marginTop": "25px",
                      "width": "220px",
                    },
                    "@media(max-width: 680px)": Object {
                      "width": "240px",
                    },
                    "@media(max-width: 980px)": Object {
                      "width": "330px",
                    },
                    "width": "450px",
                  }
                }
                src="test-file-stub"
              />
            </_default>
          </div>
          <div
            css={
              Object {
                "display": "grid",
                "gridTemplateColumns": "1fr",
                "marginBottom": "60px",
              }
            }
          >
            <_default
              url="https://snap.com"
            >
              <img
                alt="Snap Inc."
                css={
                  Object {
                    "@media(max-width: 500px)": Object {
                      "width": "190px",
                    },
                    "@media(max-width: 680px)": Object {
                      "width": "200px",
                    },
                    "@media(max-width: 980px)": Object {
                      "width": "300px",
                    },
                    "width": "400px",
                  }
                }
                src="test-file-stub"
              />
            </_default>
          </div>
        </div>
        <div
          css={
            Object {
              "@media(max-width: 610px)": Object {
                "marginBottom": "75px",
              },
              "marginBottom": "85px",
            }
          }
        >
          <div
            css={
              Object {
                "@media(max-width: 610px)": Object {
                  "gridTemplateColumns": "1fr",
                  "marginBottom": "20px",
                },
                "display": "grid",
                "gridTemplateColumns": "1fr 1fr 1fr",
                "marginBottom": "50px",
              }
            }
          >
            <_default
              url="https://consensys.net"
            >
              <img
                alt="Consensys Logo"
                css={
                  Object {
                    "@media(max-width: 610px)": Object {
                      "marginBottom": "20px",
                      "width": "180px",
                    },
                    "@media(max-width: 910px)": Object {
                      "width": "220px",
                    },
                    "width": "300px",
                  }
                }
                src="test-file-stub"
              />
            </_default>
            <_default
              url="https://td.ca"
            >
              <img
                alt="TD Logo"
                css={
                  Object {
                    "@media(max-width: 610px)": Object {
                      "marginBottom": "20px",
                      "width": "60px",
                    },
                    "@media(max-width: 910px)": Object {
                      "width": "70px",
                    },
                    "width": "100px",
                  }
                }
                src="test-file-stub"
              />
            </_default>
            <_default
              url="https://ratehub.ca"
            >
              <img
                alt="Ratehub Logo"
                css={
                  Object {
                    "@media(max-width: 610px)": Object {
                      "width": "160px",
                    },
                    "@media(max-width: 910px)": Object {
                      "width": "200px",
                    },
                    "width": "275px",
                  }
                }
                src="test-file-stub"
              />
            </_default>
          </div>
          <div
            css={
              Object {
                "@media(max-width: 610px)": Object {
                  "gridTemplateColumns": "1fr",
                  "marginBottom": "20px",
                },
                "display": "grid",
                "gridTemplateColumns": "1fr 1fr 1fr",
                "marginBottom": "50px",
              }
            }
          >
            <_default
              url="https://scotiabank.ca"
            >
              <img
                alt="Scotiabank Logo"
                css={
                  Object {
                    "@media(max-width: 610px)": Object {
                      "marginBottom": "20px",
                      "width": "170px",
                    },
                    "@media(max-width: 910px)": Object {
                      "width": "220px",
                    },
                    "width": "300px",
                  }
                }
                src="test-file-stub"
              />
            </_default>
            <_default
              url="https://loopio.com"
            >
              <img
                alt="Loopio Logo"
                css={
                  Object {
                    "@media(max-width: 610px)": Object {
                      "marginBottom": "20px",
                      "width": "100px",
                    },
                    "@media(max-width: 910px)": Object {
                      "width": "120px",
                    },
                    "width": "170px",
                  }
                }
                src="test-file-stub"
              />
            </_default>
            <_default
              url="https://www.telus.com/en"
            >
              <img
                alt="Telus Logo"
                css={
                  Object {
                    "@media(max-width: 610px)": Object {
                      "width": "140px",
                    },
                    "@media(max-width: 910px)": Object {
                      "width": "170px",
                    },
                    "width": "250px",
                  }
                }
                src="test-file-stub"
              />
            </_default>
          </div>
          <div
            css={
              Object {
                "@media(max-width: 610px)": Object {
                  "gridTemplateColumns": "1fr",
                  "marginBottom": "20px",
                },
                "display": "grid",
                "gridTemplateColumns": "1fr 1fr",
                "marginBottom": "50px",
                "marginLeft": "auto",
                "marginRight": "auto",
                "width": "60%",
              }
            }
          >
            <_default
              url="https://www2.deloitte.com/ca/en.html"
            >
              <img
                alt="Deloitte Logo"
                css={
                  Object {
                    "@media(max-width: 610px)": Object {
                      "marginBottom": "20px",
                      "width": "110px",
                    },
                    "@media(max-width: 910px)": Object {
                      "width": "130px",
                    },
                    "width": "200px",
                  }
                }
                src="test-file-stub"
              />
            </_default>
            <_default
              url="https://www.cse-cst.gc.ca/en"
            >
              <img
                alt="Communications Security Establishment Logo"
                css={
                  Object {
                    "@media(max-width: 610px)": Object {
                      "width": "120px",
                    },
                    "@media(max-width: 910px)": Object {
                      "width": "160px",
                    },
                    "width": "230px",
                  }
                }
                src="test-file-stub"
              />
            </_default>
          </div>
        </div>
        <div
          css={
            Object {
              ">div.fourCol": Object {
                "@media(max-width: 610px)": Object {
                  "gridTemplateColumns": "1fr",
                  "marginBottom": "0px",
                  "width": "90%",
                },
                "@media(max-width: 920px)": Object {
                  "gridTemplateColumns": "1fr 1fr",
                  "marginBottom": "10px",
                  "marginLeft": "auto",
                  "marginRight": "auto",
                  "width": "60%",
                },
                "display": "grid",
                "gridTemplateColumns": "1fr 1fr 1fr 1fr",
                "marginBottom": "40px",
              },
            }
          }
        >
          <div
            className="fourCol"
          >
            <_default
              url="https://balsamiq.com"
            >
              <img
                alt="Balsamiq Logo"
                css={
                  Object {
                    "@media(max-width: 610px)": Object {
                      "marginBottom": "10px",
                      "width": "90px",
                    },
                    "@media(max-width: 920px)": Object {
                      "marginBottom": "30px",
                      "width": "120px",
                    },
                    "width": "150px",
                  }
                }
                src="test-file-stub"
              />
            </_default>
            <_default
              url="https://careers.google.com"
            >
              <img
                alt="Google Logo"
                css={
                  Object {
                    "@media(max-width: 610px)": Object {
                      "marginBottom": "10px",
                      "marginTop": "10px",
                      "width": "90px",
                    },
                    "@media(max-width: 920px)": Object {
                      "width": "120px",
                    },
                    "width": "150px",
                  }
                }
                src="test-file-stub"
              />
            </_default>
            <_default
              url="https://ritual.co"
            >
              <img
                alt="Ritual Logo"
                css={
                  Object {
                    "@media(max-width: 610px)": Object {
                      "marginBottom": "10px",
                      "width": "90px",
                    },
                    "@media(max-width: 920px)": Object {
                      "width": "120px",
                    },
                    "marginTop": "5px",
                    "width": "150px",
                  }
                }
                src="test-file-stub"
              />
            </_default>
            <_default
              url="https://sketchapp.com"
            >
              <img
                alt="Sketch Logo"
                css={
                  Object {
                    "@media(max-width: 610px)": Object {
                      "marginTop": "15px",
                      "width": "90px",
                    },
                    "@media(max-width: 920px)": Object {
                      "marginBottom": "20px",
                      "width": "140px",
                    },
                    "marginTop": "0px",
                    "width": "200px",
                  }
                }
                src="test-file-stub"
              />
            </_default>
          </div>
          <div
            className="fourCol"
          >
            <_default
              url="https://coinsquare.com"
            >
              <img
                alt="Coinsquare Logo"
                css={
                  Object {
                    "@media(max-width: 610px)": Object {
                      "marginTop": "20px",
                      "width": "90px",
                    },
                    "@media(max-width: 920px)": Object {
                      "marginTop": "30px",
                      "width": "140px",
                    },
                    "marginTop": "10px",
                    "width": "200px",
                  }
                }
                src="test-file-stub"
              />
            </_default>
            <_default
              url="https://www.mosaicmfg.com"
            >
              <img
                alt="Mosaic Manufacturing Logo"
                css={
                  Object {
                    "@media(max-width: 610px)": Object {
                      "marginTop": "10px",
                      "width": "90px",
                    },
                    "@media(max-width: 920px)": Object {
                      "width": "130px",
                    },
                    "marginTop": "10px",
                    "width": "150px",
                  }
                }
                src="test-file-stub"
              />
            </_default>
            <_default
              url="https://wake-ups.com"
            >
              <img
                alt="Wakeups Logo"
                css={
                  Object {
                    "@media(max-width: 610px)": Object {
                      "width": "60px",
                    },
                    "@media(max-width: 920px)": Object {
                      "marginBottom": "10px",
                      "marginTop": "15px",
                      "width": "80px",
                    },
                    "marginTop": "-10px",
                    "width": "100px",
                  }
                }
                src="test-file-stub"
              />
            </_default>
            <_default
              url="https://1password.com"
            >
              <img
                alt="One Password Logo"
                css={
                  Object {
                    "@media(max-width: 610px)": Object {
                      "marginTop": "15px",
                      "width": "90px",
                    },
                    "@media(max-width: 920px)": Object {
                      "marginTop": "28px",
                      "width": "140px",
                    },
                    "marginTop": "20px",
                    "width": "170px",
                  }
                }
                src="test-file-stub"
              />
            </_default>
          </div>
          <div
            className="fourCol"
          >
            <_default
              url="https://www.apollographql.com"
            >
              <img
                alt="Apollo Logo"
                css={
                  Object {
                    "@media(max-width: 610px)": Object {
                      "marginTop": "10px",
                      "width": "90px",
                    },
                    "@media(max-width: 920px)": Object {
                      "width": "120px",
                    },
                    "width": "140px",
                  }
                }
                src="test-file-stub"
              />
            </_default>
            <_default
              url="https://www.ycombinator.com"
            >
              <img
                alt="Y Combinator Logo"
                css={
                  Object {
                    "@media(max-width: 610px)": Object {
                      "marginTop": "0",
                      "width": "90px",
                    },
                    "@media(max-width: 920px)": Object {
                      "width": "130px",
                    },
                    "marginTop": "-15px",
                    "width": "180px",
                  }
                }
                src="test-file-stub"
              />
            </_default>
            <_default
              url="https://www.shopify.com"
            >
              <img
                alt="Shopify Logo"
                css={
                  Object {
                    "@media(max-width: 610px)": Object {
                      "marginTop": "0",
                      "width": "90px",
                    },
                    "@media(max-width: 920px)": Object {
                      "width": "130px",
                    },
                    "marginTop": "5px",
                    "width": "160px",
                  }
                }
                src="test-file-stub"
              />
            </_default>
            <_default
              url="https://indico.io"
            >
              <img
                alt="Indico Logo"
                css={
                  Object {
                    "@media(max-width: 610px)": Object {
                      "width": "60px",
                    },
                    "@media(max-width: 920px)": Object {
                      "marginTop": "10px",
                      "width": "90px",
                    },
                    "marginTop": "10px",
                    "width": "120px",
                  }
                }
                src="test-file-stub"
              />
            </_default>
          </div>
          <div
            css={
              Object {
                "@media(max-width: 610px)": Object {
                  "gridTemplateColumns": "1fr",
                  "marginBottom": "0px",
                  "width": "90%",
                },
                "@media(max-width: 920px)": Object {
                  "gridTemplateColumns": "1fr",
                  "marginBottom": "10px",
                  "marginLeft": "auto",
                  "marginRight": "auto",
                  "width": "60%",
                },
                "display": "grid",
                "gridTemplateColumns": "1fr 1fr 1fr",
                "marginBottom": "40px",
              }
            }
          >
            <_default
              url="https://munvo.com"
            >
              <img
                alt="Munvo Logo"
                css={
                  Object {
                    "@media(max-width: 610px)": Object {
                      "width": "100px",
                    },
                    "@media(max-width: 920px)": Object {
                      "marginTop": 0,
                      "width": "120px",
                    },
                    "marginTop": "-20px",
                    "width": "150px",
                  }
                }
                src="test-file-stub"
              />
            </_default>
            <_default
              url="https://ramen.vc"
            >
              <img
                alt="Ramen Ventures Logo"
                css={
                  Object {
                    "@media(max-width: 610px)": Object {
                      "marginTop": "20px",
                      "width": "60px",
                    },
                    "@media(max-width: 920px)": Object {
                      "marginTop": "15px",
                      "width": "80px",
                    },
                    "marginTop": "-20px",
                    "width": "90px",
                  }
                }
                src="test-file-stub"
              />
            </_default>
            <_default
              url="https://www.launchacademy.ca"
            >
              <img
                alt="Launch Academy Logo"
                css={
                  Object {
                    "@media(max-width: 610px)": Object {
                      "width": "90px",
                    },
                    "@media(max-width: 920px)": Object {
                      "marginTop": "20px",
                      "width": "140px",
                    },
                    "marginTop": "10px",
                    "width": "180px",
                  }
                }
                src="test-file-stub"
              />
            </_default>
          </div>
          <div
            css={
              Object {
                "@media(max-width: 610px)": Object {
                  "gridTemplateColumns": "1fr",
                  "marginBottom": "0px",
                  "width": "90%",
                },
                "@media(max-width: 920px)": Object {
                  "gridTemplateColumns": "1fr",
                  "marginBottom": "10px",
                  "marginLeft": "auto",
                  "marginRight": "auto",
                  "width": "60%",
                },
                "display": "grid",
                "gridTemplateColumns": "1fr 1fr 1fr",
                "marginBottom": "40px",
              }
            }
          >
            <_default
              url="https://www.orangegate.ca"
            >
              <img
                alt="Orange Gate Logo"
                css={
                  Object {
                    "@media(max-width: 610px)": Object {
                      "marginTop": "20px",
                      "width": "90px",
                    },
                    "@media(max-width: 920px)": Object {
                      "marginTop": "20px",
                      "width": "140px",
                    },
                    "marginTop": "10px",
                    "width": "200px",
                  }
                }
                src="test-file-stub"
              />
            </_default>
            <_default
              url="https://www.foundersbeta.com"
            >
              <img
                alt="FoundersBeta Logo"
                css={
                  Object {
                    "@media(max-width: 610px)": Object {
                      "marginTop": "15px",
                      "width": "90px",
                    },
                    "@media(max-width: 920px)": Object {
                      "marginTop": "15px",
                    },
                    "width": "200px",
                  }
                }
                src="test-file-stub"
              />
            </_default>
            <_default
              url="https://wolfram.com/language"
            >
              <img
                alt="Wolfram Logo"
                css={
                  Object {
                    "@media(max-width: 610px)": Object {
                      "marginTop": "20px",
                      "width": "90px",
                    },
                    "@media(max-width: 920px)": Object {
                      "marginTop": "10px",
                      "width": "120px",
                    },
                    "width": "150px",
                  }
                }
                src="test-file-stub"
              />
            </_default>
          </div>
        </div>
      </div>
      <div
        css={
          Object {
            "paddingBottom": "70px",
            "paddingTop": "70px",
          }
        }
      >
        <h1
          css={
            Object {
              "paddingBottom": "40px",
            }
          }
        >
          Our Partners
        </h1>
        <p
          css={
            Object {
              ">a": Object {
                ":hover": Object {
                  "textDecoration": "none",
                },
                "color": "#c81c2e",
                "textDecoration": "underline",
              },
              "color": "#c81c2e",
              "fontWeight": "bold",
              "paddingBottom": "24px",
            }
          }
        >
          Interested in partnering? Contact us at
           
          <a
            css={
              Object {
                "fontSize": "16px",
                "fontWeight": "bold",
              }
            }
            data-cy="partners-email-prompt"
            href="mailto:partnership@qhacks.io"
          >
            partnership@qhacks.io
          </a>
        </p>
        <ActionButton
          backgroundColor="#f8f8f8"
          foregroundColor="#c81c2e"
          link="https://qhacks.nyc3.cdn.digitaloceanspaces.com/documents/QHacksPartnershipPackage.pdf"
          type="rounded"
        >
          Partnership Package
        </ActionButton>
      </div>
      <div
        css={
          Object {
            "marginBottom": "100px",
          }
        }
      >
        <div
          css={
            Object {
              "display": "grid",
              "gridTemplateColumns": "1fr",
              "marginBottom": "25px",
            }
          }
        >
          <_default
            url="https://www.ece.queensu.ca"
          >
            <img
              alt="ECE Logo"
              css={
                Object {
                  "@media(max-width: 460px)": Object {
                    "width": "80px",
                  },
                  "@media(max-width: 680px)": Object {
                    "width": "100px",
                  },
                  "@media(max-width: 980px)": Object {
                    "width": "130px",
                  },
                  "width": "200px",
                }
              }
              src="test-file-stub"
            />
          </_default>
        </div>
        <div
          css={
            Object {
              "@media(max-width: 570px)": Object {
                "gridTemplateColumns": "1fr",
                "marginBottom": "20px",
              },
              "display": "grid",
              "gridTemplateColumns": "1fr 1fr",
              "marginBottom": "40px",
            }
          }
        >
          <_default
            url="http://www.cs.queensu.ca"
          >
            <img
              alt="Queen's School of Computing"
              css={
                Object {
                  "@media(max-width: 460px)": Object {
                    "width": "230px",
                  },
                  "@media(max-width: 680px)": Object {
                    "width": "250px",
                  },
                  "@media(max-width: 980px)": Object {
                    "width": "310px",
                  },
                  "marginTop": "20px",
                  "width": "400px",
                }
              }
              src="test-file-stub"
            />
          </_default>
          <_default
            url="https://www.queensu.ca/"
          >
            <img
              alt="AMS, ASUS, and EngSoc"
              css={
                Object {
                  "@media(max-width: 570px)": Object {
                    "marginTop": "15px",
                    "width": "110px",
                  },
                  "@media(max-width: 680px)": Object {
                    "width": "150px",
                  },
                  "@media(max-width: 980px)": Object {
                    "width": "200px",
                  },
                  "marginTop": "20px",
                  "width": "280px",
                }
              }
              src="test-file-stub"
            />
          </_default>
        </div>
        <div
          css={
            Object {
              "@media(max-width: 570px)": Object {
                "gridTemplateColumns": "1fr",
                "marginBottom": "20px",
              },
              "display": "grid",
              "gridTemplateColumns": "1fr 1fr",
              "marginBottom": "40px",
            }
          }
        >
          <_default
            url="https://smith.queensu.ca/grad_studies/mei"
          >
            <img
              alt="MMIE Logo"
              css={
                Object {
                  "@media(max-width: 460px)": Object {
                    "width": "230px",
                  },
                  "@media(max-width: 680px)": Object {
                    "width": "250px",
                  },
                  "@media(max-width: 980px)": Object {
                    "width": "310px",
                  },
                  "width": "400px",
                }
              }
              src="test-file-stub"
            />
          </_default>
          <_default
            url="https://queensu.ca/innovationcentre"
          >
            <img
              alt="QIC Logo"
              css={
                Object {
                  "@media(max-width: 460px)": Object {
                    "width": "230px",
                  },
                  "@media(max-width: 680px)": Object {
                    "width": "250px",
                  },
                  "@media(max-width: 980px)": Object {
                    "width": "310px",
                  },
                  "marginTop": "25px",
                  "width": "400px",
                }
              }
              src="test-file-stub"
            />
          </_default>
        </div>
        <div
          css={
            Object {
              "@media(max-width: 570px)": Object {
                "gridTemplateColumns": "1fr",
                "marginBottom": "20px",
              },
              "display": "grid",
              "gridTemplateColumns": "1fr 1fr",
              "marginBottom": "40px",
            }
          }
        >
          <_default
            url="https://dining.queensu.ca"
          >
            <img
              alt="Sodexo and Coca-Cola Logo"
              css={
                Object {
                  "@media(max-width: 460px)": Object {
                    "width": "210px",
                  },
                  "@media(max-width: 680px)": Object {
                    "width": "230px",
                  },
                  "@media(max-width: 980px)": Object {
                    "width": "290px",
                  },
                  "width": "350px",
                }
              }
              src="test-file-stub"
            />
          </_default>
          <_default
            url="http://thepcc.net"
          >
            <img
              alt="P&CC Logo"
              css={
                Object {
                  "@media(max-width: 570px)": Object {
                    "marginTop": "15px",
                    "width": "110px",
                  },
                  "@media(max-width: 680px)": Object {
                    "width": "130px",
                  },
                  "@media(max-width: 980px)": Object {
                    "width": "190px",
                  },
                  "width": "230px",
                }
              }
              src="test-file-stub"
            />
          </_default>
        </div>
        <div
          css={
            Object {
              "@media(max-width: 570px)": Object {
                "marginBottom": "20px",
              },
              "display": "grid",
              "gridTemplateColumns": "1fr",
              "marginBottom": "40px",
            }
          }
        >
          <_default
            url="https://www.cityofkingston.ca/city-hall/projects-construction/mayors-innovation-challenge"
          >
            <img
              alt="City of Kingston Logo"
              css={
                Object {
                  "@media(max-width: 460px)": Object {
                    "width": "100px",
                  },
                  "@media(max-width: 680px)": Object {
                    "width": "120px",
                  },
                  "@media(max-width: 980px)": Object {
                    "width": "150px",
                  },
                  "width": "180px",
                }
              }
              src="test-file-stub"
            />
          </_default>
        </div>
        <div
          css={
            Object {
              "@media(max-width: 570px)": Object {
                "gridTemplateColumns": "1fr",
                "marginBottom": "20px",
              },
              "display": "grid",
              "gridTemplateColumns": "1fr 1fr 1fr",
              "marginBottom": "40px",
            }
          }
        >
          <_default
            url="https://www.bloomberg.com/canada"
          >
            <img
              alt="Bloomberg Logo"
              css={
                Object {
                  "@media(max-width: 460px)": Object {
                    "width": "130px",
                  },
                  "@media(max-width: 680px)": Object {
                    "marginBottom": "10px",
                    "width": "160px",
                  },
                  "@media(max-width: 980px)": Object {
                    "width": "180px",
                  },
                  "marginTop": "30px",
                  "width": "200px",
                }
              }
              src="test-file-stub"
            />
          </_default>
          <_default
            url="https://www.stickermule.com/ca"
          >
            <img
              alt="Stickermule Logo"
              css={
                Object {
                  "@media(max-width: 460px)": Object {
                    "width": "90px",
                  },
                  "@media(max-width: 680px)": Object {
                    "width": "120px",
                  },
                  "@media(max-width: 980px)": Object {
                    "width": "140px",
                  },
                  "width": "150px",
                }
              }
              src="test-file-stub"
            />
          </_default>
          <_default
            url="https://education.github.com/pack"
          >
            <img
              alt="GitHub Logo"
              css={
                Object {
                  "@media(max-width: 460px)": Object {
                    "width": "90px",
                  },
                  "@media(max-width: 680px)": Object {
                    "width": "120px",
                  },
                  "@media(max-width: 980px)": Object {
                    "width": "140px",
                  },
                  "marginTop": "25px",
                  "width": "150px",
                }
              }
              src="test-file-stub"
            />
          </_default>
        </div>
        <div
          css={
            Object {
              "display": "grid",
              "gridTemplateColumns": "1fr",
            }
          }
        >
          <_default
            url="https://mlh.io"
          >
            <img
              alt="MLH Logo"
              css={
                Object {
                  "@media(max-width: 460px)": Object {
                    "width": "80px",
                  },
                  "@media(max-width: 680px)": Object {
                    "width": "100px",
                  },
                  "@media(max-width: 980px)": Object {
                    "width": "130px",
                  },
                  "marginTop": "25px",
                  "width": "150px",
                }
              }
              src="test-file-stub"
            />
          </_default>
        </div>
      </div>
    </div>
  </_default>
</section>
`;
