// Jest Snapshot v1, https://goo.gl/fbAQLP

exports[`ContentWrapper renders correctly 1`] = `
<div
  css={
    Object {
      "@media screen and (max-width: 1200px) and (min-width: 860px)": Object {
        "paddingLeft": "80px",
        "paddingRight": "80px",
      },
      "@media screen and (max-width: 860px)": Object {
        "paddingLeft": "5%",
        "paddingRight": "5%",
      },
      "height": "100%",
      "marginLeft": "auto",
      "marginRight": "auto",
      "maxWidth": "1400px",
      "paddingLeft": "145px",
      "paddingRight": "145px",
    }
  }
/>
`;
