// Jest Snapshot v1, https://goo.gl/fbAQLP

exports[`Menu renders correctly 1`] = `
<div
  css={
    Object {
      "display": "grid",
      "gridTemplateColumns": "min-content auto",
      "height": "84px",
      "overflow": "visible",
    }
  }
>
  <a
    css={
      Object {
        "@media(min-width:820px)": Object {
          "display": "none",
        },
        "transition": "0.5s",
      }
    }
    href="/#"
  >
    <img
      alt="QHacks Crown"
      css={
        Object {
          "paddingBottom": "20px",
          "paddingTop": "20px",
        }
      }
      src="test-file-stub"
    />
  </a>
  <a
    css={
      Object {
        "@media(min-width:820px)": Object {
          "display": "inline-block",
        },
        "display": "none",
        "transition": "0.5s",
      }
    }
    href="https://mlh.io/seasons/na-2019/events?utm_source=na-hackathon&utm_medium=TrustBadge&utm_campaign=2019-season&utm_content=white"
    id="mlh-trust-badge"
    rel="external noopener"
    target="_blank"
  >
    <img
      alt="Major League Hacking 2019 Hackathon Season"
      css={
        Object {
          "height": "150px",
        }
      }
      src="https://s3.amazonaws.com/logged-assets/trust-badge/2019/mlh-trust-badge-2019-white.svg"
    />
  </a>
  <div
    align="right"
    css={
      Object {
        " li": Object {
          "listStyleType": "none",
        },
        "@media(max-width: 820px)": Object {
          "display": "none",
        },
        "display": "grid",
        "height": "84px",
        "marginLeft": "auto",
        "paddingBottom": "32px",
        "paddingTop": "32px",
        "transition": "1s",
      }
    }
  >
    <Scrollspy
      componentTag="ul"
      css={
        Object {
          "display": "grid",
          "gridColumnGap": "40px",
          "gridTemplateColumns": "min-content min-content min-content min-content ",
        }
      }
      currentClassName="is-current"
      items={
        Array [
          "THIS",
          "IS",
          "A",
          "TEST",
        ]
      }
      offset={-1}
      onUpdate={[Function]}
      style={Object {}}
    >
      <li
        css={
          Object {
            ":hover": Object {
              " a": Object {
                "color": "#00205b",
              },
              ">div": Object {
                "height": "2px",
                "width": "100%",
              },
            },
          }
        }
        key="THIS"
      >
        <a
          css={
            Object {
              "lineHeight": "1.43",
              "paddingLeft": "2px",
              "paddingRight": "2px",
              "textAlign": "center",
              "textTransform": "uppercase",
            }
          }
          href="/#THIS"
        >
          THIS
        </a>
        <div
          css={
            Object {
              "backgroundColor": "#00205b",
              "height": "2px",
              "marginLeft": "auto",
              "marginRight": "auto",
              "transition": "0.5s",
              "width": "0px",
            }
          }
        />
      </li>
      <li
        css={
          Object {
            ":hover": Object {
              " a": Object {
                "color": "#00205b",
              },
              ">div": Object {
                "height": "2px",
                "width": "100%",
              },
            },
          }
        }
        key="IS"
      >
        <a
          css={
            Object {
              "lineHeight": "1.43",
              "paddingLeft": "2px",
              "paddingRight": "2px",
              "textAlign": "center",
              "textTransform": "uppercase",
            }
          }
          href="/#IS"
        >
          IS
        </a>
        <div
          css={
            Object {
              "backgroundColor": "#00205b",
              "height": "2px",
              "marginLeft": "auto",
              "marginRight": "auto",
              "transition": "0.5s",
              "width": "0px",
            }
          }
        />
      </li>
      <li
        css={
          Object {
            ":hover": Object {
              " a": Object {
                "color": "#00205b",
              },
              ">div": Object {
                "height": "2px",
                "width": "100%",
              },
            },
          }
        }
        key="A"
      >
        <a
          css={
            Object {
              "lineHeight": "1.43",
              "paddingLeft": "2px",
              "paddingRight": "2px",
              "textAlign": "center",
              "textTransform": "uppercase",
            }
          }
          href="/#A"
        >
          A
        </a>
        <div
          css={
            Object {
              "backgroundColor": "#00205b",
              "height": "2px",
              "marginLeft": "auto",
              "marginRight": "auto",
              "transition": "0.5s",
              "width": "0px",
            }
          }
        />
      </li>
      <li
        css={
          Object {
            ":hover": Object {
              " a": Object {
                "color": "#00205b",
              },
              ">div": Object {
                "height": "2px",
                "width": "100%",
              },
            },
          }
        }
        key="TEST"
      >
        <a
          css={
            Object {
              "lineHeight": "1.43",
              "paddingLeft": "2px",
              "paddingRight": "2px",
              "textAlign": "center",
              "textTransform": "uppercase",
            }
          }
          href="/#TEST"
        >
          TEST
        </a>
        <div
          css={
            Object {
              "backgroundColor": "#00205b",
              "height": "2px",
              "marginLeft": "auto",
              "marginRight": "auto",
              "transition": "0.5s",
              "width": "0px",
            }
          }
        />
      </li>
    </Scrollspy>
  </div>
</div>
`;
