// Jest Snapshot v1, https://goo.gl/fbAQLP

exports[`HackerTestimonials renders correctly 1`] = `
<section
  css={
    Object {
      "overflowX": "hidden",
    }
  }
  id="testimonials"
>
  <_default>
    <MediaQuery
      query="screen and (min-width: 1000px)"
      values={Object {}}
    >
      <div
        css={
          Object {
            "height": "575px",
            "position": "relative",
          }
        }
      >
        <TestimonialsBlurb
          firstTestimonial={true}
          lastTestimonial={false}
          nextTestimonial={[Function]}
          prevTestimonial={[Function]}
          text={
            <span>
              QHacks has something to offer everyone.
              <br />
              See what past hackers thought about the event!
            </span>
          }
        />
        <TestimonialList
          currentTestimonial={0}
          testimonials={
            Array [
              Object {
                "image": "test-file-stub",
                "name": "Amy Lu",
                "project": "Reeltube",
                "projectLink": "https://devpost.com/software/qhacks-v1",
                "text": "In high school, I’d never opened a single computer science course brochure, and now I will be an incoming graduate student in machine learning. QHacks gave me a taster of what tech really was - a creative endeavour with technical tools as the paint brush, and societal-level solution pitching as the frame.",
              },
              Object {
                "image": "test-file-stub",
                "name": "Cooper Leong",
                "project": "ESPECT",
                "projectLink": "https://devpost.com/software/espect",
                "text": "Events such as QHacks have allowed me to delve into topics without fear. I used to find it time consuming and intimidating to learn enough to feel confident about a topic, but now I can tackle it head on. It has been just under a year since my first hackathon, and I can say that it has changed my life for the best, and I look forward to participating in many more!",
              },
              Object {
                "image": "test-file-stub",
                "name": "Benji Christie",
                "project": "",
                "projectLink": "",
                "text": "Our entire team had never deployed a project before so we struggled a lot with getting it up and running. We had to google and learn, try and fail, and repeat, which ended up being the most rewarding experience.",
              },
            ]
          }
        />
      </div>
    </MediaQuery>
    <MediaQuery
      query="screen and (max-width: 1000px)"
      values={Object {}}
    >
      <div
        css={
          Object {
            "margin": "0 0 80px 0",
          }
        }
      >
        <TestimonialsBlurbCompressed
          text={
            <span>
              QHacks has something to offer everyone.
              <br />
              See what past hackers thought about the event!
            </span>
          }
        />
        <TestimonialListCompressed
          currentTestimonial={0}
          testimonials={
            Array [
              Object {
                "image": "test-file-stub",
                "name": "Amy Lu",
                "project": "Reeltube",
                "projectLink": "https://devpost.com/software/qhacks-v1",
                "text": "In high school, I’d never opened a single computer science course brochure, and now I will be an incoming graduate student in machine learning. QHacks gave me a taster of what tech really was - a creative endeavour with technical tools as the paint brush, and societal-level solution pitching as the frame.",
              },
              Object {
                "image": "test-file-stub",
                "name": "Cooper Leong",
                "project": "ESPECT",
                "projectLink": "https://devpost.com/software/espect",
                "text": "Events such as QHacks have allowed me to delve into topics without fear. I used to find it time consuming and intimidating to learn enough to feel confident about a topic, but now I can tackle it head on. It has been just under a year since my first hackathon, and I can say that it has changed my life for the best, and I look forward to participating in many more!",
              },
              Object {
                "image": "test-file-stub",
                "name": "Benji Christie",
                "project": "",
                "projectLink": "",
                "text": "Our entire team had never deployed a project before so we struggled a lot with getting it up and running. We had to google and learn, try and fail, and repeat, which ended up being the most rewarding experience.",
              },
            ]
          }
        />
      </div>
    </MediaQuery>
  </_default>
</section>
`;
