// Jest Snapshot v1, https://goo.gl/fbAQLP

exports[`SellingPoints renders correctly 1`] = `
<div
  css={
    Object {
      "position": "relative",
    }
  }
>
  <_default>
    <div
      css={
        Object {
          "@media(max-width: 840px)": Object {
            "padding": "143px 0 50px 0",
          },
          "margin": "0 -28px",
          "padding": "143px 0",
        }
      }
    >
      <div
        css={
          Object {
            "alignItems": "center",
            "display": "flex",
            "flexWrap": "wrap",
            "justifyContent": "center",
            "margin": "0 auto",
            "marginBottom": "48px",
          }
        }
      >
        <div
          css={
            Object {
              "flex": 1,
              "margin": "0 28px 32px 28px",
              "maxWidth": "510px",
              "minWidth": "300px",
              "textAlign": "center",
            }
          }
        >
          <h1>
            Grow Your Network.
          </h1>
          <p
            css={
              Object {
                "fontSize": "15px",
                "lineHeight": "24px",
                "margin": "32px auto",
                "maxWidth": "500px",
              }
            }
          >
            With hundreds of talented, ambitious, and like-minded individuals all in one place, QHacks is the perfect playground for any tech enthusiast! Over the weekend, immerse yourself in the community, meet new people and talk shop with other students and companies! Strong connections aren’t only important for internet speeds - this is your chance to build, learn and grow!
          </p>
          <SellingPointsIcons
            list={
              Array [
                Object {
                  "icon": "test-file-stub",
                  "number": 1800,
                  "text": "Applications",
                },
                Object {
                  "icon": "test-file-stub",
                  "number": 25,
                  "text": "Schools",
                },
                Object {
                  "icon": "test-file-stub",
                  "number": 500,
                  "text": "Hackers",
                },
              ]
            }
          />
        </div>
        <div
          css={
            Object {
              "flex": 1,
              "margin": "0 28px 32px 28px",
              "maxWidth": "510px",
              "minWidth": "300px",
              "textAlign": "center",
            }
          }
        >
          <picture
            css={
              Object {
                "maxHeight": "320px",
                "maxWidth": "475px",
                "width": "100%",
              }
            }
          >
            <source
              srcSet="test-file-stub"
              type="image/webp"
            />
            <source
              srcSet="test-file-stub"
              type="image/jpg"
            />
            <img
              alt="Hackers in a workshop"
              css={
                Object {
                  "maxHeight": "320px",
                  "maxWidth": "475px",
                  "width": "100%",
                }
              }
              src="test-file-stub"
            />
          </picture>
        </div>
      </div>
      <div
        css={
          Object {
            "alignItems": "center",
            "display": "flex",
            "flexWrap": "wrap-reverse",
            "justifyContent": "center",
            "margin": "0 auto",
            "marginBottom": 0,
          }
        }
      >
        <div
          css={
            Object {
              "flex": 1,
              "margin": "0 28px 32px 28px",
              "maxWidth": "510px",
              "minWidth": "300px",
              "textAlign": "center",
            }
          }
        >
          <picture
            css={
              Object {
                "maxHeight": "320px",
                "maxWidth": "475px",
                "width": "100%",
              }
            }
          >
            <source
              srcSet="test-file-stub"
              type="image/webp"
            />
            <source
              srcSet="test-file-stub"
              type="image/jpg"
            />
            <img
              alt="Mentor judging a VR hack"
              css={
                Object {
                  "maxHeight": "320px",
                  "maxWidth": "475px",
                  "width": "100%",
                }
              }
              src="test-file-stub"
            />
          </picture>
        </div>
        <div
          css={
            Object {
              "flex": 1,
              "margin": "0 28px 32px 28px",
              "maxWidth": "510px",
              "minWidth": "300px",
              "textAlign": "center",
            }
          }
        >
          <h1>
            Showcase to Experts.
          </h1>
          <p
            css={
              Object {
                "fontSize": "15px",
                "lineHeight": "24px",
                "margin": "32px auto",
                "maxWidth": "500px",
              }
            }
          >
            This year, we’re bringing together a diverse group of mentors, speakers, sponsors and other industry professionals. Chat one-on-one, learn about current tech trends and opportunities, and show off your skills! Looking for some inspiration? Encountering a roadblock? Does python feel like it’s constricting you? Not to worry, there will always be a helping hand at the ready.
          </p>
          <SellingPointsIcons
            list={
              Array [
                Object {
                  "icon": "test-file-stub",
                  "number": 40,
                  "text": "Mentors",
                },
                Object {
                  "icon": "test-file-stub",
                  "number": 20,
                  "text": "Judges",
                },
                Object {
                  "icon": "test-file-stub",
                  "number": 15,
                  "text": "Challenges",
                },
              ]
            }
          />
        </div>
      </div>
      <picture
        css={
          Object {
            "@media(max-width: 1200px)": Object {
              "bottom": "-120px",
              "height": "220px",
              "left": "-40px",
              "width": "358px",
            },
            "@media(max-width: 840px)": Object {
              "display": "none",
            },
            "bottom": "-140px",
            "height": "246px",
            "left": "-60px",
            "position": "absolute",
            "width": "400px",
            "zIndex": 3,
          }
        }
      >
        <source
          srcSet="test-file-stub"
          type="image/webp"
        />
        <source
          srcSet="test-file-stub"
          type="image/png"
        />
        <img
          alt="Floating cubes"
          css={
            Object {
              "@media(max-width: 1200px)": Object {
                "height": "220px",
                "width": "358px",
              },
              "height": "246px",
              "width": "400px",
            }
          }
          src="test-file-stub"
        />
      </picture>
    </div>
  </_default>
</div>
`;
