// Jest Snapshot v1, https://goo.gl/fbAQLP

exports[`Podcast renders correctly 1`] = `
<section>
  <div
    css={
      Object {
        "paddingBottom": "133px",
        "position": "relative",
        "width": "100%",
      }
    }
  >
    <_default>
      <div
        css={
          Object {
            "@media (max-width: 1128px)": Object {
              "display": "block",
            },
            "backgroundColor": "#ffffff",
            "border": "solid 1px #e8e8e8",
            "borderRadius": "8px",
            "boxShadow": "4px 9px 40px 2px rgba(7, 16, 75, 0.1)",
            "display": "grid",
            "gridTemplateColumns": "min-content auto",
            "padding": "40px 5% 40px 5%",
            "position": "relative",
          }
        }
      >
        <div
          css={
            Object {
              "@media (max-width: 1128px)": Object {
                "textAlign": "center",
              },
            }
          }
        >
          <picture
            css={
              Object {
                "@media (max-width: 1128px)": Object {
                  "width": "100%",
                },
                "maxWidth": "290px",
              }
            }
          >
            <source
              srcSet="test-file-stub"
              type="image/webp"
            />
            <source
              srcSet="test-file-stub"
              type="image/png"
            />
            <img
              alt="Headphones connected to phone"
              css={
                Object {
                  "@media (max-width: 1128px)": Object {
                    "width": "100%",
                  },
                  "maxWidth": "290px",
                }
              }
              src="test-file-stub"
            />
          </picture>
        </div>
        <div
          css={
            Object {
              "@media (max-width: 1128px)": Object {
                "paddingLeft": "0px",
                "paddingTop": "46px",
                "textAlign": "center",
              },
              "paddingLeft": "64px",
              "textAlign": "left",
            }
          }
        >
          <h1
            css={
              Object {
                "paddingBottom": "24px",
                "paddingTop": "10px",
              }
            }
          >
            Listen to our podcast!
          </h1>
          <p
            css={
              Object {
                "fontWeight": "500",
                "lineHeight": "1.5",
                "paddingBottom": "40px",
              }
            }
          >
            Queen’s University has produced a lot of great tech talent - and we want to hear their stories! The QHacks Podcast is our opportunity to learn from current and former Queen’s students who have become leaders, innovators, and entrepreneurs in the tech industry!
          </p>
          <div
            css={
              Object {
                "@media screen and (max-width: 1128px)": Object {
                  "alignItems": "center",
                  "display": "flex",
                  "justifyContent": "center",
                },
                "width": "100%",
              }
            }
          >
            <ActionButton
              backgroundColor="#ffffff"
              dataCy="listen-button"
              foregroundColor="#00205b"
              link="https://open.spotify.com/show/6eZg09yz4xKgynJdZeDmo1"
              type="rounded"
            >
              Listen
            </ActionButton>
          </div>
        </div>
      </div>
    </_default>
  </div>
  <div
    css={
      Object {
        "background": "url(test-file-stub) no-repeat center center",
        "backgroundSize": "cover",
        "borderTop": "solid #dbdbdb 3px",
        "height": "315px",
        "marginTop": "-315px",
        "position": "relative",
        "zIndex": "-1",
      }
    }
  />
</section>
`;
