// Jest Snapshot v1, https://goo.gl/fbAQLP

exports[`DaySwitcher renders correctly 1`] = `
<div
  data-css-11lhp2j=""
>
  <button
    className="selectedDay dayItem"
    key="2019-02-01"
    onClick={[Function]}
  >
    Day 
    1
  </button>
  <button
    className="dayItem"
    key="2019-02-02"
    onClick={[Function]}
  >
    Day 
    2
  </button>
  <button
    className="dayItem"
    key="2019-02-03"
    onClick={[Function]}
  >
    Day 
    3
  </button>
  <div
    css={
      Object {
        "backgroundColor": "#C81C2E",
        "borderRadius": "44px",
        "height": "44px",
        "left": "0%",
        "position": "absolute",
        "top": 0,
        "transition": "left 0.8s ease",
        "width": "33.333%",
        "zIndex": 2,
      }
    }
    role="none presentation"
  />
</div>
`;
