// Jest Snapshot v1, https://goo.gl/fbAQLP

exports[`Footer renders correctly 1`] = `
<footer
  css={
    Object {
      "backgroundColor": "#11213f",
      "color": "#ffffff",
    }
  }
>
  <_default>
    <div
      css={
        Object {
          " h3": Object {
            "color": "inherit",
            "textTransform": "uppercase",
          },
          "@media(max-width: 950px)": Object {
            "display": "block",
            "textAlign": "center",
          },
          "display": "grid",
          "gridTemplateColumns": "auto auto auto",
          "paddingTop": "80px",
        }
      }
    >
      <div
        css={
          Object {
            "@media(max-width: 950px)": Object {
              "marginLeft": "auto",
              "marginRight": "auto",
            },
            "maxWidth": "455px",
          }
        }
      >
        <span>
          <img
            alt="QHacks Crown"
            css={
              Object {
                "marginBottom": "5px",
                "paddingRight": "13px",
              }
            }
            height="34px"
            src="test-file-stub"
          />
          <img
            alt="QHacks Wordmark"
            height="37px"
            src="test-file-stub"
          />
        </span>
        <p
          css={
            Object {
              "@media(max-width: 950px)": Object {
                "paddingLeft": "24px",
                "paddingRight": "24px",
              },
              "fontSize": "12px",
              "lineHeight": "1.67",
              "paddingBottom": "40px",
              "paddingRight": "20px",
              "paddingTop": "40px",
            }
          }
        >
          QHacks is Queen’s University’s annual hackathon! QHacks was founded in 2016 with a mission to advocate and incubate the tech community at Queen’s University and throughout Canada. Going into our fourth year we have been aggressively growing to become one of the biggest and most exciting hackathons in North America.
        </p>
        <h3>
          Stay Connected
        </h3>
        <p
          css={
            Object {
              "fontSize": "12px",
              "lineHeight": "20px",
              "paddingBottom": "4px",
              "paddingTop": "12px",
            }
          }
        >
          Sign up for our mailing list for the latest updates.
        </p>
        <div
          css={
            Object {
              "@media(max-width: 950px)": Object {
                "marginLeft": "0px",
                "paddingBottom": "24px",
              },
              "alignItems": "left",
              "display": "flex",
              "justifyContent": "left",
              "marginLeft": "-8px",
              "paddingBottom": "64px",
            }
          }
        >
          <MediaQuery
            query="screen and (max-width: 950px)"
            values={Object {}}
          >
            <Apollo(SignUpForm)
              backgroundColor="#c81c2e"
              center={true}
              dataCy="footer-signup-button"
              fontSize={14}
              foregroundColor="white"
            />
          </MediaQuery>
          <MediaQuery
            query="screen and (min-width: 950px)"
            values={Object {}}
          >
            <Apollo(SignUpForm)
              backgroundColor="#c81c2e"
              dataCy="footer-signup-button"
              fontSize={14}
              foregroundColor="white"
            />
          </MediaQuery>
        </div>
        <div
          css={
            Object {
              "@media(max-width: 950px)": Object {
                "display": "none",
              },
            }
          }
        >
          <p
            css={
              Object {
                "color": "#bebebe",
                "fontSize": "12px",
                "marginBottom": "5px",
              }
            }
            data-cy="footer-address"
          >
            Queen's University | 99 University Ave, Kingston, ON
          </p>
          <a
            css={
              Object {
                "color": "#bebebe",
                "fontSize": "12px",
                "fontWeight": "400",
              }
            }
            data-cy="footer-dev-plug"
            href="https://github.com/qhacks/qhacks-website"
            rel="external noopener"
            target="_blank"
          >
            &lt; /&gt;
             with ♡ by Queen's students
          </a>
          <p
            css={
              Object {
                "color": "#bebebe",
                "fontSize": "12px",
                "marginTop": "6px",
                "paddingBottom": "32px",
              }
            }
            data-cy="footer-copyright-notice"
          >
            Copyright © 
            2019
             QHacks
          </p>
        </div>
      </div>
      <div
        css={
          Object {
            "@media(max-width: 950px)": Object {
              "paddingBottom": "50px",
              "paddingTop": "0px",
            },
            "marginLeft": "auto",
            "marginRight": "auto",
            "paddingTop": "80px",
          }
        }
      >
        <h3>
          Navigate
        </h3>
        <ul
          css={
            Object {
              " a": Object {
                ":hover": Object {
                  "color": "#ed253a",
                },
                "color": "inherit",
                "fontWeight": 600,
                "textDecoration": "none",
              },
              ">li": Object {
                "paddingBottom": "23px",
              },
              "listStyleType": "none",
              "paddingTop": "30px",
            }
          }
        >
          <li
            key="https://2018.qhacks.io"
          >
            <a
              data-cy="footer-2018-link"
              href="https://2018.qhacks.io"
            >
              QHacks 2018 ▸
            </a>
          </li>
          <li
            key="https://localhackday.mlh.io/"
          >
            <a
              data-cy="footer-lhd-link"
              href="https://localhackday.mlh.io/"
            >
              Local Hack Day ▸
            </a>
          </li>
          <li
            key="https://medium.com/@qhacks"
          >
            <a
              data-cy="footer-blog-link"
              href="https://medium.com/@qhacks"
            >
              QHacks Blog ▸
            </a>
          </li>
          <li
            key="https://app.qhacks.io"
          >
            <a
              data-cy="footer-dashboard-link"
              href="https://app.qhacks.io"
            >
              QHacks Dashboard ▸
            </a>
          </li>
          <li
            key="https://static.mlh.io/docs/mlh-code-of-conduct.pdf"
          >
            <a
              data-cy="footer-mlh-code-of-conduct-link"
              href="https://static.mlh.io/docs/mlh-code-of-conduct.pdf"
            >
              MLH Code of Conduct ▸
            </a>
          </li>
        </ul>
      </div>
      <div
        css={
          Object {
            "@media (min-width: 950px) and (max-width: 1200px)": Object {
              "paddingTop": "80px",
            },
            "@media(min-width: 1200px)": Object {
              "paddingTop": "80px",
            },
            "marginLeft": "auto",
            "marginRight": "auto",
          }
        }
      >
        <h3
          css={
            Object {
              "@media(max-width: 950px)": Object {
                "display": "none",
              },
            }
          }
        >
          Get in touch
        </h3>
        <div
          css={
            Object {
              " a": Object {
                "color": "inherit",
                "fontWeight": "bold",
                "textAlign": "left",
                "textDecoration": "none",
              },
              ">div": Object {
                "paddingBottom": "18px",
              },
              "@media(max-width: 950px)": Object {
                "gridTemplateColumns": "1fr 1fr 1fr 1fr",
                "marginLeft": "auto",
                "marginRight": "auto",
                "maxWidth": "196px",
                "paddingBottom": "60px",
                "paddingTop": "0px",
              },
              "display": "grid",
              "listStyleType": "none",
              "paddingTop": "30px",
            }
          }
        >
          <div
            css={
              Object {
                ":hover": Object {
                  " a": Object {
                    ">div": Object {
                      "backgroundColor": "#ed253a",
                    },
                    "color": "#ed253a",
                  },
                },
                "@media(max-width: 950px)": Object {
                  "display": "block",
                  "height": "40px",
                  "marginLeft": "auto",
                  "marginRight": "auto",
                  "width": "40px",
                },
                "display": "grid",
                "gridTemplateColumns": "min-content auto",
              }
            }
            key="mailto:hello@qhacks.io"
          >
            <a
              aria-label="hello@qhacks.io"
              css={Object {}}
              href="mailto:hello@qhacks.io"
            >
              <div
                css={
                  Object {
                    ":hover": Object {
                      "backgroundColor": "#ed253a",
                    },
                    "@media(max-width: 950px)": Object {
                      "height": "40px",
                      "width": "40px",
                    },
                    "backgroundColor": "#e3e3e3",
                    "height": "28px",
                    "marginRight": "16px",
                    "marginTop": "-5px",
                    "mask": "url(test-file-stub) no-repeat center center",
                    "maskSize": "100% 100%",
                    "width": "28px",
                  }
                }
              />
            </a>
            <a
              css={
                Object {
                  "@media(max-width: 950px)": Object {
                    "display": "none",
                  },
                }
              }
              data-cy="footer-email-link"
              href="mailto:hello@qhacks.io"
            >
              hello@qhacks.io
            </a>
          </div>
          <div
            css={
              Object {
                ":hover": Object {
                  " a": Object {
                    ">div": Object {
                      "backgroundColor": "#ed253a",
                    },
                    "color": "#ed253a",
                  },
                },
                "@media(max-width: 950px)": Object {
                  "display": "block",
                  "height": "40px",
                  "marginLeft": "auto",
                  "marginRight": "auto",
                  "width": "40px",
                },
                "display": "grid",
                "gridTemplateColumns": "min-content auto",
              }
            }
            key="https://twitter.com/qhacks19"
          >
            <a
              aria-label="Follow us on Twitter"
              css={Object {}}
              href="https://twitter.com/qhacks19"
            >
              <div
                css={
                  Object {
                    ":hover": Object {
                      "backgroundColor": "#ed253a",
                    },
                    "@media(max-width: 950px)": Object {
                      "height": "40px",
                      "width": "40px",
                    },
                    "backgroundColor": "#e3e3e3",
                    "height": "28px",
                    "marginRight": "16px",
                    "marginTop": "-5px",
                    "mask": "url(test-file-stub) no-repeat center center",
                    "maskSize": "100% 100%",
                    "width": "28px",
                  }
                }
              />
            </a>
            <a
              css={
                Object {
                  "@media(max-width: 950px)": Object {
                    "display": "none",
                  },
                }
              }
              data-cy="footer-twitter-link"
              href="https://twitter.com/qhacks19"
            >
              Follow us on Twitter
            </a>
          </div>
          <div
            css={
              Object {
                ":hover": Object {
                  " a": Object {
                    ">div": Object {
                      "backgroundColor": "#ed253a",
                    },
                    "color": "#ed253a",
                  },
                },
                "@media(max-width: 950px)": Object {
                  "display": "block",
                  "height": "40px",
                  "marginLeft": "auto",
                  "marginRight": "auto",
                  "width": "40px",
                },
                "display": "grid",
                "gridTemplateColumns": "min-content auto",
              }
            }
            key="https://fb.com/qhacks"
          >
            <a
              aria-label="Like us on Facebook"
              css={Object {}}
              href="https://fb.com/qhacks"
            >
              <div
                css={
                  Object {
                    ":hover": Object {
                      "backgroundColor": "#ed253a",
                    },
                    "@media(max-width: 950px)": Object {
                      "height": "40px",
                      "width": "40px",
                    },
                    "backgroundColor": "#e3e3e3",
                    "height": "28px",
                    "marginRight": "16px",
                    "marginTop": "-5px",
                    "mask": "url(test-file-stub) no-repeat center center",
                    "maskSize": "100% 100%",
                    "width": "28px",
                  }
                }
              />
            </a>
            <a
              css={
                Object {
                  "@media(max-width: 950px)": Object {
                    "display": "none",
                  },
                }
              }
              data-cy="footer-facebook-link"
              href="https://fb.com/qhacks"
            >
              Like us on Facebook
            </a>
          </div>
          <div
            css={
              Object {
                ":hover": Object {
                  " a": Object {
                    ">div": Object {
                      "backgroundColor": "#ed253a",
                    },
                    "color": "#ed253a",
                  },
                },
                "@media(max-width: 950px)": Object {
                  "display": "block",
                  "height": "40px",
                  "marginLeft": "auto",
                  "marginRight": "auto",
                  "width": "40px",
                },
                "display": "grid",
                "gridTemplateColumns": "min-content auto",
              }
            }
            key="https://instagram.com/qhacks19"
          >
            <a
              aria-label="Follow us on Instagram"
              css={Object {}}
              href="https://instagram.com/qhacks19"
            >
              <div
                css={
                  Object {
                    ":hover": Object {
                      "backgroundColor": "#ed253a",
                    },
                    "@media(max-width: 950px)": Object {
                      "height": "40px",
                      "width": "40px",
                    },
                    "backgroundColor": "#e3e3e3",
                    "height": "28px",
                    "marginRight": "16px",
                    "marginTop": "-5px",
                    "mask": "url(test-file-stub) no-repeat center center",
                    "maskSize": "100% 100%",
                    "width": "28px",
                  }
                }
              />
            </a>
            <a
              css={
                Object {
                  "@media(max-width: 950px)": Object {
                    "display": "none",
                  },
                }
              }
              data-cy="footer-instagram-link"
              href="https://instagram.com/qhacks19"
            >
              Follow us on Instagram
            </a>
          </div>
        </div>
      </div>
      <div
        css={
          Object {
            "@media (min-width: 950px) and (max-width: 1200px)": Object {
              "display": "none",
            },
            "@media(min-width: 1200px)": Object {
              "display": "none",
            },
          }
        }
      >
        <p
          css={
            Object {
              "color": "#bebebe",
              "fontSize": "12px",
              "marginBottom": "5px",
            }
          }
          data-cy="footer-address"
        >
          Queen's University | 99 University Ave, Kingston, ON
        </p>
        <a
          css={
            Object {
              "color": "#bebebe",
              "fontSize": "12px",
              "fontWeight": "400",
            }
          }
          data-cy="footer-dev-plug"
          href="https://github.com/qhacks/qhacks-website"
          rel="external noopener"
          target="_blank"
        >
          &lt; /&gt;
           with ♡ by Queen's students
        </a>
        <p
          css={
            Object {
              "color": "#bebebe",
              "fontSize": "12px",
              "marginTop": "6px",
              "paddingBottom": "32px",
            }
          }
          data-cy="footer-copyright-notice"
        >
          Copyright © 
          2019
           QHacks
        </p>
      </div>
    </div>
  </_default>
</footer>
`;
