// Jest Snapshot v1, https://goo.gl/fbAQLP

exports[`SpeakerSlider renders correctly 1`] = `
<div
  css={
    Object {
      "position": "relative",
      "width": "100%",
      "zIndex": 3,
    }
  }
>
  <SpeakerSliderDots
    currentIndex={0}
    onClick={[Function]}
    speakers={
      Array [
        Object {
          "description": "Matthew is a machine learning Ph.D. and thought leader pioneering the field of applied artificial intelligence (AI). Matt's groundbreaking research in computer vision has propelled the image recognition industry from theory to real-world application. Matthew is a machine learning Ph.D. and thought leader pioneering the field of applied artificial intelligence (AI). Matt's groundbreaking research in computer vision has propelled the image recognition industry from theory to real-world application. Matthew is a machine learning Ph.D. and thought leader pioneering the field of applied artificial intelligence (AI). Matt's groundbreaking research in computer vision has propelled the image recognition industry from theory to real-world application. Matthew is a machine learning Ph.D. and ya.",
          "image": "coolpic.png",
          "name": "Vinith Suriyakumar",
          "title": "Founder and CEO of Clarifai",
        },
        Object {
          "description": "Matthew is a machine learning Ph.D. and thought leader pioneering the field of applied artificial intelligence (AI). Matt's groundbreaking research in computer vision has propelled the image recognition industry from theory to real-world application. Matthew is a machine learning Ph.D. and thought leader pioneering the field of applied artificial intelligence (AI). Matt's groundbreaking research in computer vision has propelled the image recognition industry from theory to real-world application. Matthew is a machine learning Ph.D. and thought leader pioneering the field of applied artificial intelligence (AI). Matt's groundbreaking research in computer vision has propelled the image recognition industry from theory to real-world application. Matthew is a machine learning Ph.D. and ya.",
          "image": "coolpic.png",
          "name": "Noah Ifergan",
          "title": "Founder and CEO of Clarifai",
        },
      ]
    }
  />
  <Slider
    afterChange={[Function]}
    arrows={false}
    dots={false}
    infinite={false}
  >
    <SpeakerCard
      description="Matthew is a machine learning Ph.D. and thought leader pioneering the field of applied artificial intelligence (AI). Matt's groundbreaking research in computer vision has propelled the image recognition industry from theory to real-world application. Matthew is a machine learning Ph.D. and thought leader pioneering the field of applied artificial intelligence (AI). Matt's groundbreaking research in computer vision has propelled the image recognition industry from theory to real-world application. Matthew is a machine learning Ph.D. and thought leader pioneering the field of applied artificial intelligence (AI). Matt's groundbreaking research in computer vision has propelled the image recognition industry from theory to real-world application. Matthew is a machine learning Ph.D. and ya."
      image="coolpic.png"
      key="Vinith Suriyakumar"
      name="Vinith Suriyakumar"
      title="Founder and CEO of Clarifai"
    />
    <SpeakerCard
      description="Matthew is a machine learning Ph.D. and thought leader pioneering the field of applied artificial intelligence (AI). Matt's groundbreaking research in computer vision has propelled the image recognition industry from theory to real-world application. Matthew is a machine learning Ph.D. and thought leader pioneering the field of applied artificial intelligence (AI). Matt's groundbreaking research in computer vision has propelled the image recognition industry from theory to real-world application. Matthew is a machine learning Ph.D. and thought leader pioneering the field of applied artificial intelligence (AI). Matt's groundbreaking research in computer vision has propelled the image recognition industry from theory to real-world application. Matthew is a machine learning Ph.D. and ya."
      image="coolpic.png"
      key="Noah Ifergan"
      name="Noah Ifergan"
      title="Founder and CEO of Clarifai"
    />
  </Slider>
</div>
`;
