// Jest Snapshot v1, https://goo.gl/fbAQLP

exports[`Mentors renders correctly 1`] = `
<div
  css={
    Object {
      "marginBottom": "16px",
    }
  }
>
  <h1
    css={
      Object {
        "fontSize": "28px",
        "fontWeight": "600",
      }
    }
  >
    Additional Speakers and Mentors
  </h1>
  <div
    css={
      Object {
        "@media (max-width: 1284px)": Object {
          "gridTemplateColumns": "auto auto",
        },
        "@media (max-width: 912px)": Object {
          "gridTemplateColumns": "repeat(auto-fit, minmax(250px, 1fr))",
        },
        "@media (min-width: 1284px)": Object {
          "gridTemplateColumns": "repeat(auto-fit, minmax(250px, 1fr))",
        },
        "display": "grid",
      }
    }
  >
    <_default
      borderColor="#00205b"
      companyLogo="test-file-stub"
      companyName="Qualcomm"
      companyUrl="https://www.qualcomm.com/"
      headshot="test-file-stub"
      key="Eric Braun"
      name="Eric Braun"
      title="Machine Learning Engineer"
    />
    <_default
      borderColor="#fedb01"
      companyLogo="test-file-stub"
      companyName="Google"
      companyUrl="https://careers.google.com"
      headshot="test-file-stub"
      key="Vivek Chachcha"
      logoHeight="80px"
      logoMarginTop="-20px"
      name="Vivek Chachcha"
      title="Product Technology Manager"
    />
    <_default
      borderColor="#c81c2e"
      companyLogo="test-file-stub"
      companyName="Microsoft"
      companyUrl="https://www.microsoft.com"
      headshot="test-file-stub"
      key="Nicole Fitzgerald"
      name="Nicole Fitzgerald"
      title="Machine Learning Engineer"
    />
    <_default
      borderColor="#00205b"
      companyLogo="test-file-stub"
      companyName="Shopify"
      companyUrl="https://www.shopify.com"
      headshot="test-file-stub"
      key="John Martin"
      logoHeight="45px"
      name="John Martin"
      title="Data Platform Engineer"
    />
    <_default
      borderColor="#fedb01"
      companyLogo="test-file-stub"
      companyName="AxiomZen"
      companyUrl="https://www.axiomzen.co/"
      headshot="test-file-stub"
      key="Layne Lafrance"
      logoHeight="25px"
      logoMarginTop="10px"
      name="Layne Lafrance"
      title="Product Manager"
    />
    <_default
      borderColor="#c81c2e"
      companyLogo="test-file-stub"
      companyName="Ten Thousand Coffees"
      companyUrl="https://www.tenthousandcoffees.com/"
      headshot="test-file-stub"
      key="Zack Harley"
      logoHeight="60px"
      logoWidth="60px"
      name="Zack Harley"
      title="Software Engineer"
    />
    <_default
      borderColor="#00205b"
      companyLogo="test-file-stub"
      companyName="RBC"
      companyUrl="https://www.rbc.com"
      headshot="test-file-stub"
      key="Graham Miller"
      logoHeight="60px"
      logoWidth="40px"
      name="Graham Miller"
      title="Software Engineer"
    />
    <_default
      borderColor="#fedb01"
      companyLogo="test-file-stub"
      companyName="Kindred.ai"
      companyUrl="https://www.kindred.ai/"
      headshot="test-file-stub"
      key="Stefan Sokic"
      name="Stefan Sokic"
      title="Software Engineer"
    />
    <_default
      borderColor="#c81c2e"
      companyLogo="test-file-stub"
      companyName="Google"
      companyUrl="https://careers.google.com"
      headshot="test-file-stub"
      key="Enoch Tam"
      logoHeight="80px"
      logoMarginTop="-10px"
      name="Enoch Tam"
      title="Software Engineer"
    />
    <_default
      borderColor="#00205b"
      companyLogo="test-file-stub"
      companyName="Cortex"
      companyUrl="https://www.cortexlabs.com"
      headshot="test-file-stub"
      key="Ivan Zhang"
      logoHeight="60px"
      logoMarginTop="-15px"
      name="Ivan Zhang"
      title="Machine Learning Infrastructure Engineer"
    />
    <_default
      borderColor="#fedb01"
      companyLogo="test-file-stub"
      companyName="Munvo"
      companyUrl="https://munvo.com/"
      headshot="test-file-stub"
      key="Lydia Noureldin"
      logoHeight="30px"
      logoMarginTop="15px"
      name="Lydia Noureldin"
      title="Software Development Consultant"
    />
    <_default
      borderColor="#c81c2e"
      companyLogo="test-file-stub"
      companyName="Microsoft"
      companyUrl="https://microsoft.com"
      headshot="test-file-stub"
      key="Ese Okonofua"
      logoMarginTop="10px"
      name="Ese Okonofua"
      title="Software Engineer"
    />
    <_default
      borderColor="#00205b"
      companyLogo="test-file-stub"
      companyName="Opener"
      companyUrl="https://www.opener.aero/"
      headshot="test-file-stub"
      key="Alex Adusei"
      logoHeight="60px"
      name="Alex Adusei"
      title="Software Engineer"
    />
    <_default
      borderColor="#fedb01"
      companyLogo="test-file-stub"
      companyName="Opencare.com"
      companyUrl="https://opencare.com"
      headshot="test-file-stub"
      key="Emma Koza"
      logoMarginTop="5px"
      logoWidth="200px"
      name="Emma Koza"
      title="Software Engineer"
    />
    <_default
      borderColor="#c81c2e"
      companyLogo="test-file-stub"
      companyName="Accenture"
      companyUrl="https://www.accenture.com/"
      headshot="test-file-stub"
      key="Anuj Arora"
      logoHeight="40px"
      logoMarginTop="0"
      name="Anuj Arora"
      title="Consulting Analyst"
    />
    <_default
      borderColor="#00205b"
      companyLogo="test-file-stub"
      companyName="Uber"
      companyUrl="https://uber.com"
      headshot="test-file-stub"
      key="Khalid Karim"
      logoHeight="30px"
      logoMarginTop="10px"
      name="Khalid Karim"
      title="Senior Product Manager"
    />
  </div>
</div>
`;
