// Jest Snapshot v1, https://goo.gl/fbAQLP

exports[`MailingListSignup renders correctly 1`] = `
<section
  css={
    Object {
      "alignItems": "center",
      "background": "#C12232 url(test-file-stub) no-repeat center center",
      "backgroundSize": "cover",
      "color": "white",
      "display": "flex",
      "justifyContent": "center",
      "minHeight": "270px",
      "width": "100%",
    }
  }
>
  <_default>
    <p
      css={
        Object {
          "@media screen and (max-width: 860px)": Object {
            "fontSize": "16px",
          },
          "fontSize": "22px",
          "fontWeight": 700,
          "lineHeight": "28px",
          "marginBottom": "28px",
          "marginTop": "20px",
          "textAlign": "center",
        }
      }
      data-cy="mailing-list-cta"
    >
      Sign up for our mailing list to receive important QHacks announcements!
    </p>
    <Apollo(SignUpForm)
      center={true}
      dataCyButton="mailing-list-button"
      dataCyInput="mailing-list-input"
      hoverBackgroundColor="#00205b"
    />
  </_default>
</section>
`;
