// Jest Snapshot v1, https://goo.gl/fbAQLP

exports[`EventSchedule renders correctly 1`] = `
<_default>
  <section
    css={
      Object {
        "margin": "0 auto",
        "padding": "110px 0 50px 0",
      }
    }
    id="schedule"
  >
    <h1
      css={
        Object {
          "position": "relative",
          "textAlign": "center",
          "zIndex": 2,
        }
      }
    >
      Event Schedule
    </h1>
    <DaySwitcher
      changeDay={[Function]}
      days={
        Array [
          "2019-02-01",
          "2019-02-02",
          "2019-02-03",
        ]
      }
    />
    <h3
      data-css-1cm0ws5=""
    >
      Friday, February 1st, 2019
    </h3>
    <MediaQuery
      query="screen and (min-width: 760px)"
      values={Object {}}
    >
      <EventScheduleFullSizeTable
        data={
          Array [
            Object {
              "eventName": "Busses arrive",
              "location": "Kingston Hall",
              "startDate": "2019-02-01T17:30:00",
            },
            Object {
              "duration": "1.5 hrs",
              "endDate": "2019-02-01T19:00:00",
              "eventName": "Registration & Dinner | Ali Baba",
              "location": "Kingston Hall Rm 200, 201, 204, 205, 213",
              "startDate": "2019-02-01T17:30:00",
              "subtitle": "Sponsored by Tucows",
            },
            Object {
              "duration": "2 hrs",
              "endDate": "2019-02-01T21:30:00",
              "eventName": "Opening Ceremonies",
              "location": "Grant Hall",
              "startDate": "2019-02-01T19:30:00",
            },
            Object {
              "duration": "45 mins",
              "endDate": "2019-02-01T22:30:00",
              "eventName": "Team Formation & Setup",
              "location": "DDQIC Event Commons",
              "startDate": "2019-02-01T21:45:00",
            },
            Object {
              "eventName": "Hacking Begins!",
              "location": "LinQ Lab and Engineering Active Learning Rooms - Mitchell Hall",
              "startDate": "2019-02-01T22:00:00",
            },
            Object {
              "duration": "45 mins",
              "endDate": "2019-02-01T23:45:00",
              "eventName": "Workshop | Please Build Things It's Good For You",
              "location": "DDQIC Event Commons",
              "startDate": "2019-02-01T23:00:00",
              "subtitle": "Ivan Zhang",
            },
            Object {
              "eventName": "Hardware Lab Opens",
              "location": "Breakpoint Lounge",
              "startDate": "2019-02-02T00:00:00",
            },
            Object {
              "duration": "45 mins",
              "endDate": "2019-02-02T00:45:00",
              "eventName": "Workshop | DCL Workshop",
              "location": "DDQIC Event Commons",
              "startDate": "2019-02-02T00:00:00",
              "subtitle": "Distributed Compute Labs",
            },
            Object {
              "duration": "1.5 hrs",
              "endDate": "2019-02-02T01:30:00",
              "eventName": "Midnight Snack | Bubble Tea",
              "location": "Bartlett Gym",
              "startDate": "2019-02-02T00:00:00",
              "subtitle": "Sponsored by Sun Life Financial",
            },
            Object {
              "duration": "45 mins",
              "endDate": "2019-02-02T01:45:00",
              "eventName": "Workshop | Introduction to React.js",
              "location": "Bartlett Gym",
              "startDate": "2019-02-02T01:00:00",
              "subtitle": "Ese Okonofua",
            },
            Object {
              "duration": "45 mins",
              "endDate": "2019-02-02T02:45:00",
              "eventName": "Workshop | Building ML Models with PyTorch",
              "location": "DDQIC Event Commons",
              "startDate": "2019-02-02T02:00:00",
              "subtitle": "Nicole Fitzgerald",
            },
            Object {
              "duration": "45 mins",
              "endDate": "2019-02-02T03:45:00",
              "eventName": "Workshop | Introduction to GraphQL",
              "location": "DDQIC Event Commons",
              "startDate": "2019-02-02T03:00:00",
              "subtitle": "QHacks Tech Team",
            },
          ]
        }
      />
    </MediaQuery>
    <MediaQuery
      query="screen and (max-width: 760px)"
      values={Object {}}
    >
      <EventScheduleCompressedTable
        data={
          Array [
            Object {
              "eventName": "Busses arrive",
              "location": "Kingston Hall",
              "startDate": "2019-02-01T17:30:00",
            },
            Object {
              "duration": "1.5 hrs",
              "endDate": "2019-02-01T19:00:00",
              "eventName": "Registration & Dinner | Ali Baba",
              "location": "Kingston Hall Rm 200, 201, 204, 205, 213",
              "startDate": "2019-02-01T17:30:00",
              "subtitle": "Sponsored by Tucows",
            },
            Object {
              "duration": "2 hrs",
              "endDate": "2019-02-01T21:30:00",
              "eventName": "Opening Ceremonies",
              "location": "Grant Hall",
              "startDate": "2019-02-01T19:30:00",
            },
            Object {
              "duration": "45 mins",
              "endDate": "2019-02-01T22:30:00",
              "eventName": "Team Formation & Setup",
              "location": "DDQIC Event Commons",
              "startDate": "2019-02-01T21:45:00",
            },
            Object {
              "eventName": "Hacking Begins!",
              "location": "LinQ Lab and Engineering Active Learning Rooms - Mitchell Hall",
              "startDate": "2019-02-01T22:00:00",
            },
            Object {
              "duration": "45 mins",
              "endDate": "2019-02-01T23:45:00",
              "eventName": "Workshop | Please Build Things It's Good For You",
              "location": "DDQIC Event Commons",
              "startDate": "2019-02-01T23:00:00",
              "subtitle": "Ivan Zhang",
            },
            Object {
              "eventName": "Hardware Lab Opens",
              "location": "Breakpoint Lounge",
              "startDate": "2019-02-02T00:00:00",
            },
            Object {
              "duration": "45 mins",
              "endDate": "2019-02-02T00:45:00",
              "eventName": "Workshop | DCL Workshop",
              "location": "DDQIC Event Commons",
              "startDate": "2019-02-02T00:00:00",
              "subtitle": "Distributed Compute Labs",
            },
            Object {
              "duration": "1.5 hrs",
              "endDate": "2019-02-02T01:30:00",
              "eventName": "Midnight Snack | Bubble Tea",
              "location": "Bartlett Gym",
              "startDate": "2019-02-02T00:00:00",
              "subtitle": "Sponsored by Sun Life Financial",
            },
            Object {
              "duration": "45 mins",
              "endDate": "2019-02-02T01:45:00",
              "eventName": "Workshop | Introduction to React.js",
              "location": "Bartlett Gym",
              "startDate": "2019-02-02T01:00:00",
              "subtitle": "Ese Okonofua",
            },
            Object {
              "duration": "45 mins",
              "endDate": "2019-02-02T02:45:00",
              "eventName": "Workshop | Building ML Models with PyTorch",
              "location": "DDQIC Event Commons",
              "startDate": "2019-02-02T02:00:00",
              "subtitle": "Nicole Fitzgerald",
            },
            Object {
              "duration": "45 mins",
              "endDate": "2019-02-02T03:45:00",
              "eventName": "Workshop | Introduction to GraphQL",
              "location": "DDQIC Event Commons",
              "startDate": "2019-02-02T03:00:00",
              "subtitle": "QHacks Tech Team",
            },
          ]
        }
      />
    </MediaQuery>
  </section>
</_default>
`;
